<html>
<body>
<h1>
    To restore your password follow this <a href="http://testURL?testUserToken">link</a>
</h1>
</body>
</html>